// Jest Snapshot v1, https://goo.gl/fbAQLP

exports[`DetailPage component renders correctly 1`] = `
<div
  class="ui container"
  style="margin-top: 3em;"
>
  <h1
    class="ui header"
  >
    <a
      href="../index.html"
    >
      TypeScript coverage report
    </a>
  </h1>
  <table
    class="ui celled table"
    style="margin-top: 2em;"
  >
    <thead
      class=""
    >
      <tr
        class=""
      >
        <th
          class=""
        >
          Filename
        </th>
        <th
          class=""
        >
          Percent
        </th>
        <th
          class=""
        >
          Threshold
        </th>
        <th
          class=""
        >
          Total
        </th>
        <th
          class=""
        >
          Covered
        </th>
        <th
          class=""
        >
          Uncovered
        </th>
      </tr>
    </thead>
    <tbody
      class=""
    >
      <tr
        class="positive"
      >
        <td
          class=""
        >
          index.ts
        </td>
        <td
          class=""
        >
          100.00%
        </td>
        <td
          class=""
        >
          90
          %
        </td>
        <td
          class=""
        >
          100
        </td>
        <td
          class=""
        >
          100
        </td>
        <td
          class=""
        >
          0
        </td>
      </tr>
    </tbody>
  </table>
  <textarea
    id="editor"
    readonly=""
    style="margin-top: 3em;"
  >
    &lt;p&gt;Test&lt;/p&gt;
  </textarea>
  <pre
    id="annotations"
    style="display: none;"
  >
    []
  </pre>
</div>
`;
