// Jest Snapshot v1, https://goo.gl/fbAQLP

exports[`SummaryPage component renders correctly 1`] = `
<div
  class="ui container"
  style="margin-top: 3em;"
>
  <h1
    class="ui header"
  >
    TypeScript coverage report
  </h1>
  <h2
    class="ui header"
  >
    Summary
  </h2>
  <table
    class="ui celled table"
  >
    <thead
      class=""
    >
      <tr
        class=""
      >
        <th
          class=""
        >
          Percent
        </th>
        <th
          class=""
        >
          Threshold
        </th>
        <th
          class=""
        >
          Total
        </th>
        <th
          class=""
        >
          Covered
        </th>
        <th
          class=""
        >
          Uncovered
        </th>
      </tr>
    </thead>
    <tbody
      class=""
    >
      <tr
        class="positive"
      >
        <td
          class=""
        >
          100.00%
        </td>
        <td
          class=""
        >
          90
          %
        </td>
        <td
          class=""
        >
          100
        </td>
        <td
          class=""
        >
          100
        </td>
        <td
          class=""
        >
          0
        </td>
      </tr>
    </tbody>
  </table>
  <h2
    class="ui header"
  >
    Files
  </h2>
  <table
    class="ui celled table sortable"
    style="margin-top: 2em;"
  >
    <thead
      class=""
    >
      <tr
        class=""
      >
        <th
          class=""
        >
          Filename
        </th>
        <th
          class=""
        >
          Percent
        </th>
        <th
          class=""
        >
          Total
        </th>
        <th
          class=""
        >
          Covered
        </th>
        <th
          class=""
        >
          Uncovered
        </th>
      </tr>
    </thead>
    <tbody
      class=""
    >
      <tr
        class="positive"
      >
        <td
          class="selectable"
        >
          <a
            href="files/index.html.html"
          >
            index.html
          </a>
        </td>
        <td
          class=""
        >
          100.00%
        </td>
        <td
          class=""
        >
          100
        </td>
        <td
          class=""
        >
          100
        </td>
        <td
          class=""
        >
          0
        </td>
      </tr>
    </tbody>
  </table>
</div>
`;
