// Jest Snapshot v1, https://goo.gl/fbAQLP

exports[`getCoverage function returns calculated data from type-coverage-core 1`] = `
Object {
  "anys": Array [],
  "covered": 100,
  "fileCounts": Map {
    "index.html" => Object {
      "correctCount": 100,
      "totalCount": 100,
    },
  },
  "percentage": 100,
  "total": 100,
  "uncovered": 0,
}
`;
